KILLED earliest reset instead of latest
KILLED no jitter
KILLED unknown reset treated as known
KILLED no backoff doubling
KILLED passed reset still blocks
SURVIVED future observations used
KILLED enter not fenced
KILLED cancelled job not closed
KILLED permission not checked
KILLED expired treated as not allowed
KILLED other bucket ignored
KILLED auth answer ignored
KILLED rejected answer ignored
KILLED unknown availability resumes
KILLED unknown never resumes
KILLED policy unchecked
KILLED document unchecked
KILLED unbounded waits
SURVIVED no skip-locked
KILLED grant hours unbounded
KILLED revocation ignored
KILLED grant on finished job
KILLED wrapper swallows enter
# after added test
KILLED future observations used (2)
# review fixes
KILLED R: whole head compared again
KILLED R: own place not checked
KILLED R: probe under the locks
KILLED R: leftover wait not closed
KILLED R: dead-end message
KILLED R: allowed overrides nothing (unknown with blocked resumes)
