KILLED  no provider interrupt (straight to signals) :: ⎯⎯⎯⎯⎯⎯⎯ Failed Tests 2 ⎯⎯⎯⎯⎯⎯⎯       Tests  2 failed | 7 passed (9) 
KILLED  no SIGKILL after grace :: ⎯⎯⎯⎯⎯⎯⎯ Failed Tests 1 ⎯⎯⎯⎯⎯⎯⎯       Tests  1 failed | 8 passed (9) 
KILLED  kill only the leader, not its group :: ⎯⎯⎯⎯⎯⎯⎯ Failed Tests 2 ⎯⎯⎯⎯⎯⎯⎯       Tests  2 failed | 7 passed (9) 
KILLED  marker not checked :: ⎯⎯⎯⎯⎯⎯⎯ Failed Tests 1 ⎯⎯⎯⎯⎯⎯⎯       Tests  1 failed | 8 passed (9) 
SURVIVED start time not checked ::       Tests  9 passed (9) 
KILLED  cancel not watched :: ⎯⎯⎯⎯⎯⎯⎯ Failed Tests 2 ⎯⎯⎯⎯⎯⎯⎯       Tests  2 failed | 7 passed (9) 
KILLED  takeover not watched :: ⎯⎯⎯⎯⎯⎯⎯ Failed Tests 2 ⎯⎯⎯⎯⎯⎯⎯       Tests  2 failed | 7 passed (9) 
KILLED  reconcile ends live runs too :: ⎯⎯⎯⎯⎯⎯⎯ Failed Tests 1 ⎯⎯⎯⎯⎯⎯⎯       Tests  1 failed | 8 passed (9) 
KILLED  reconcile skips orphans :: ⎯⎯⎯⎯⎯⎯⎯ Failed Tests 1 ⎯⎯⎯⎯⎯⎯⎯       Tests  1 failed | 8 passed (9) 
KILLED  process not in its own group :: ⎯⎯⎯⎯⎯⎯⎯ Failed Tests 2 ⎯⎯⎯⎯⎯⎯⎯       Tests  2 failed | 7 passed (9) 
KILLED  end not recorded :: ⎯⎯⎯⎯⎯⎯⎯ Failed Tests 2 ⎯⎯⎯⎯⎯⎯⎯       Tests  2 failed | 7 passed (9) 
KILLED  start time not checked (rerun with a direct start-time check) :: ⎯⎯⎯⎯⎯⎯⎯ Failed Tests 1 ⎯⎯⎯⎯⎯⎯⎯       Tests  1 failed | 8 passed (9) 
# review fixes
KILLED  gateway ignores the job's state :: ⎯⎯⎯⎯⎯⎯⎯ Failed Tests 1 ⎯⎯⎯⎯⎯⎯⎯       Tests  1 failed | 24 passed (25) 
KILLED  gateway ignores a takeover :: ⎯⎯⎯⎯⎯⎯⎯ Failed Tests 1 ⎯⎯⎯⎯⎯⎯⎯       Tests  1 failed | 24 passed (25) 
KILLED  unmarked descendants ignored :: ⎯⎯⎯⎯⎯⎯⎯ Failed Tests 1 ⎯⎯⎯⎯⎯⎯⎯       Tests  1 failed | 24 passed (25) 
KILLED  db outage never stops the run :: ⎯⎯⎯⎯⎯⎯⎯ Failed Tests 1 ⎯⎯⎯⎯⎯⎯⎯       Tests  1 failed | 24 passed (25) 
KILLED  reconcile kills other workers' expired runs :: ⎯⎯⎯⎯⎯⎯⎯ Failed Tests 1 ⎯⎯⎯⎯⎯⎯⎯       Tests  1 failed | 24 passed (25) 
KILLED  reconcile never ends own expired runs :: ⎯⎯⎯⎯⎯⎯⎯ Failed Tests 1 ⎯⎯⎯⎯⎯⎯⎯       Tests  1 failed | 24 passed (25) 
# re-review fixes
KILLED  no job re-check inside the write transaction :: ⎯⎯⎯⎯⎯⎯⎯ Failed Tests 1 ⎯⎯⎯⎯⎯⎯⎯       Tests  1 failed | 11 passed (12) 
KILLED  orphans of a restarted worker kept :: ⎯⎯⎯⎯⎯⎯⎯ Failed Tests 1 ⎯⎯⎯⎯⎯⎯⎯       Tests  1 failed | 11 passed (12) 
