 FAIL  tests/tasks/PW-028/lifecycle.int.test.ts [ tests/tasks/PW-028/lifecycle.int.test.ts ]
Error: Cannot find module '../../../apps/worker/src/lifecycle/index.ts' imported from /home/user/ManuAlly/tests/tasks/PW-028/lifecycle.int.test.ts
 Test Files  1 failed (1)
      Tests  no tests
 FAIL  tests/tasks/PW-028/run-state.test.ts [ tests/tasks/PW-028/run-state.test.ts ]
Error: Cannot find module '../../../apps/web/src/features/runs/run-state.ts' imported from /home/user/ManuAlly/tests/tasks/PW-028/run-state.test.ts
 Test Files  1 failed (1)
      Tests  no tests
  ✘  1 tests/tasks/PW-028/runs.e2e.ts:41:1 › TST-028A: reload keeps the run; 중지 stores the cancel; every reconnect shows the stored state (1.0m)
  ✘  2 tests/tasks/PW-028/runs.e2e.ts:69:1 › TST-028A: while offline the tab says so; when the network returns it shows what the database holds (1.0m)
    Error: locator.click: Test timeout of 60000ms exceeded.
    Error: locator.click: Test timeout of 60000ms exceeded.
# review RED (lifecycle and gateway before the review fixes)
     × after a cancel (or a takeover) the run's tool token creates nothing 77ms
     × a child without the run marker left in the run's group is ended when the run exits or is stopped 6651ms
     × a watcher that cannot read the database stops the run after repeated failures (not forever) 2009ms
     × a run left behind by a crashed worker is ended if (and only if) it is still that run 3938ms
⎯⎯⎯⎯⎯⎯⎯ Failed Tests 4 ⎯⎯⎯⎯⎯⎯⎯
      Tests  4 failed | 8 passed (12)
# re-review RED (before the re-review fixes; PW-028 and PW-029 tests ran together)
     × a session's cumulative reports become deltas; its turn reports are not added on top; context is the last request, not the total 36ms
     × without session reports the turns are counted; values not reported are unknown, never 0 30ms
     × a cumulative total that goes down is an anomaly (not a negative cost); a late lower report does not inflate the next one 29ms
     × a reset time without an explicit zone, or not a full ISO time, is kept raw with a reason — never parsed into a guess 8ms
     × after a cancel (or a takeover) the run's tool token creates nothing 296ms
     × a run left behind by a crashed worker is ended if (and only if) it is still that run 4037ms
⎯⎯⎯⎯⎯⎯⎯ Failed Tests 6 ⎯⎯⎯⎯⎯⎯⎯
      Tests  6 failed | 14 passed (20)
     × unknown values are "알 수 없음" or a lower bound, never 0 17ms
⎯⎯⎯⎯⎯⎯⎯ Failed Tests 1 ⎯⎯⎯⎯⎯⎯⎯
      Tests  1 failed | 1 passed (2)
