KILLED cumulative totals count as occupancy
KILLED window from message scope only
KILLED no estimate fallback
KILLED unknown window as 0
KILLED switch only by occupancy
KILLED switch at 90%
KILLED no review state
KILLED tool payload ignored
KILLED gate ignores open turn
KILLED gate ignores open tools
KILLED gate ignores unconfirmed compaction
KILLED compaction used without verification
SURVIVED unconfirmed compaction trusted
KILLED no checkpoint before switching
KILLED new session not from rehydrated state
SURVIVED readings kept after switch
KILLED incomplete turn tolerated
KILLED switch records not fenced
# after added tests
KILLED unconfirmed compaction trusted (2)
KILLED readings kept after switch (2)
KILLED no re-check after switch
# review fixes
KILLED R: answer not counted
KILLED R: unknown answer as 0
KILLED R: runner does not estimate
KILLED R: last turn not reset (2)
KILLED R: answers not counted in the estimate
KILLED R: error after compacted ignored
KILLED R: step names unchecked
KILLED R: checkpoint of another job accepted
SURVIVED R: estimate not reset after compaction
SURVIVED R: window only from fallback
KILLED R: estimate not reset after compaction (2)
KILLED R: window only from fallback (2)
KILLED R: window forgotten on switch
# re-review NIT 1
SURVIVED RR: compaction resets the estimate to 0
KILLED RR: compaction resets the estimate to 0 (2)
