killed: autosave ignores composition (1 failing)
killed: editor wires no composition check (0 failing)
killed: retry sends current text instead of identical request (1 failing)
killed: server replay disabled (unit+int) (1 failing)
killed: server replay disabled (browser) (3 failing)
SURVIVED: replay without parent check
killed: replay accepts restore revisions (1 failing)
killed: patch gate ignores composition (1 failing)
killed: logout keeps drafts (0 failing)
killed: draft kept after save (0 failing)
killed: older draft offered for merge (0 failing)
killed: no retention (1 failing)
killed: server error reported as saved (2 failing)
--- after adding the A→B→A test; browser kills re-checked with the failure summary
killed: replay without parent check [1 failed]
killed: editor wires no composition check [1 failed]
killed: logout keeps drafts [1 failed]
killed: draft kept after save [1 failed]
killed: older draft offered for merge [1 failed]
killed: toolbar steals focus [1 failed]
--- review fixes (2026-10-09)
killed: rejected resend dropped (MAJOR-1) [1 failed]
SURVIVED: saved key kept after unanswered save — equivalent today: a pending or held resend always runs before the shortcut; kept as a second guard
killed: retry timer not cleared before sending (review 5) [1 failed]
killed: deferred max/manual not run after composition (review 4) [2 failed]
killed: manual save ignored after rejection (review 6) [1 failed]
killed: pending draft write after save (review 2) [1 failed]
killed: open tab's copy offered elsewhere (review 3) [1 failed]
killed: one shared copy per document (review 3) [1 failed]
killed: blocked storage not reported (review 7) [1 failed]
killed: other accounts kept at login (review 8) [1 failed]
--- re-review fixes (2026-10-09)
killed: copies offered when open tabs are unknown [1 failed]
killed: duplicate tab reuses a held id (unit) [1 failed]
killed: duplicate tab reuses a held id (browser) [1 failed]
killed: typing hides the blocked state [1 failed]
killed: queued save survives a hold [1 failed]
killed: logout in another tab ignored [1 failed]
killed: other tabs' copies lock the editor [1 failed]
