
 RUN  v5.0.1 /home/user/ManuAlly

 ❯ tests/tasks/PW-015/autosave.test.ts (17 tests | 6 failed) 55ms
   ❯ autosave (17)
     × saves after typing pauses, and shows 저장됨 only after the server acknowledged it 21ms
     × only one request is in flight; edits during it are saved afterwards on the new head 4ms
     × review MAJOR-1: after an unanswered save, typing back to the old text is not shown as saved 2ms
     × review NIT: Ctrl+S during a composition saves right after the composition ends 1ms
     × review 6: after a rejected save an explicit save tries again 2ms
     × review NIT: an explicit save that sends nothing does not mark the next autosave as manual 1ms

⎯⎯⎯⎯⎯⎯⎯ Failed Tests 6 ⎯⎯⎯⎯⎯⎯⎯

 FAIL  tests/tasks/PW-015/autosave.test.ts > autosave > saves after typing pauses, and shows 저장됨 only after the server acknowledged it
AssertionError: expected { version: 2, …(3) } to match object { json: { text: 'ab' }, …(3) }
(1 matching property omitted from actual)

- Expected
+ Received

  {
    "expectedHead": "rev-0",
    "json": {
      "text": "ab",
    },
-   "manual": false,
    "version": 2,
  }

 ❯ tests/tasks/PW-015/autosave.test.ts:60:23
     58|     await vi.advanceTimersByTimeAsync(1);
     59|     expect(r.sent).toHaveLength(1);
     60|     expect(r.sent[0]).toMatchObject({ json: { text: 'ab' }, expectedHe…
       |                       ^
     61|     expect(r.state().status).toBe('saving');
     62|     expect(r.labels.some((l) => l === '저장됨')).toBe(false);

⎯⎯⎯⎯⎯⎯⎯⎯⎯⎯⎯⎯⎯⎯⎯⎯⎯⎯⎯⎯⎯⎯⎯⎯[1/6]⎯

 FAIL  tests/tasks/PW-015/autosave.test.ts > autosave > only one request is in flight; edits during it are saved afterwards on the new head
AssertionError: expected [ { version: 1, …(3) } ] to have a length of 2 but got 1

- Expected
+ Received

- 2
+ 1

 ❯ tests/tasks/PW-015/autosave.test.ts:183:20
    181|     // the maximum wait passed during the request, so the newer text g…
    182|     await vi.advanceTimersByTimeAsync(0);
    183|     expect(r.sent).toHaveLength(2);
       |                    ^
    184|     expect(r.sent[1]).toMatchObject({ json: { text: '12' }, expectedHe…
    185|   });

⎯⎯⎯⎯⎯⎯⎯⎯⎯⎯⎯⎯⎯⎯⎯⎯⎯⎯⎯⎯⎯⎯⎯⎯[2/6]⎯

 FAIL  tests/tasks/PW-015/autosave.test.ts > autosave > review MAJOR-1: after an unanswered save, typing back to the old text is not shown as saved
AssertionError: expected 'saved' not to be 'saved' // Object.is equality
 ❯ tests/tasks/PW-015/autosave.test.ts:197:34
    195|     r.setDoc(''); // back to the text that was loaded
    196|     await vi.advanceTimersByTimeAsync(60_000);
    197|     expect(r.state().status).not.toBe('saved');
       |                                  ^
    198|     expect(r.labels).not.toContain('저장됨');
    199|     expect(r.sent).toHaveLength(2); // typing does not resend a refuse…

⎯⎯⎯⎯⎯⎯⎯⎯⎯⎯⎯⎯⎯⎯⎯⎯⎯⎯⎯⎯⎯⎯⎯⎯[3/6]⎯

 FAIL  tests/tasks/PW-015/autosave.test.ts > autosave > review NIT: Ctrl+S during a composition saves right after the composition ends
AssertionError: expected [] to have a length of 1 but got +0

- Expected
+ Received

- 1
+ 0

 ❯ tests/tasks/PW-015/autosave.test.ts:232:20
    230|     r.composing.on = false;
    231|     r.auto.compositionEnded();
    232|     expect(r.sent).toHaveLength(1);
       |                    ^
    233|     expect(r.sent[0]!.manual).toBe(true);
    234|   });

⎯⎯⎯⎯⎯⎯⎯⎯⎯⎯⎯⎯⎯⎯⎯⎯⎯⎯⎯⎯⎯⎯⎯⎯[4/6]⎯

 FAIL  tests/tasks/PW-015/autosave.test.ts > autosave > review 6: after a rejected save an explicit save tries again
AssertionError: expected [ { version: 1, …(3) } ] to have a length of 2 but got 1

- Expected
+ Received

- 2
+ 1

 ❯ tests/tasks/PW-015/autosave.test.ts:256:20
    254|     await r.answer({ ok: false, kind: 'rejected', message: '로그인이 필요합니다…
    255|     r.auto.saveNow();
    256|     expect(r.sent).toHaveLength(2);
       |                    ^
    257|     expect(r.sent[1]!.manual).toBe(true);
    258|     await r.answer({ ok: true, headRevisionId: 'rev-1' });

⎯⎯⎯⎯⎯⎯⎯⎯⎯⎯⎯⎯⎯⎯⎯⎯⎯⎯⎯⎯⎯⎯⎯⎯[5/6]⎯

 FAIL  tests/tasks/PW-015/autosave.test.ts > autosave > review NIT: an explicit save that sends nothing does not mark the next autosave as manual
AssertionError: expected undefined to be false // Object.is equality

- Expected:
false

+ Received:
undefined

 ❯ tests/tasks/PW-015/autosave.test.ts:267:31
    265|     r.setDoc('x');
    266|     await vi.advanceTimersByTimeAsync(1000);
    267|     expect(r.sent[0]!.manual).toBe(false);
       |                               ^
    268|   });
    269|

⎯⎯⎯⎯⎯⎯⎯⎯⎯⎯⎯⎯⎯⎯⎯⎯⎯⎯⎯⎯⎯⎯⎯⎯[6/6]⎯


 Test Files  1 failed (1)
      Tests  6 failed | 11 passed (17)
   Start at  05:13:33
   Duration  480ms (transform 68%, tests 20%, import 10%, worker 2%)


Running 3 tests using 1 worker

[1/3] tests/tasks/PW-015/editor.e2e.ts:309:1 › review 2: a save right after typing leaves no copy of the saved text behind
  1) tests/tasks/PW-015/editor.e2e.ts:309:1 › review 2: a save right after typing leaves no copy of the saved text behind 

    Error: expect(received).toEqual(expected) // deep equality

    - Expected  - 1
    + Received  + 3

    - Array []
    + Array [
    +   "pw-recovery:v1:draft:aa8bf6e7-403e-4041-8269-8e375ff71b13:19a8d9c7-5093-4efa-b444-62ededd54a7f",
    + ]

      315 |   await expect(status(page)).toHaveText('저장됨', { timeout: 10_000 });
      316 |   await page.waitForTimeout(800); // longer than the recovery-copy delay
    > 317 |   expect(await recoveryKeys(page)).toEqual([]);
          |                                    ^
      318 | });
      319 |
      320 | test('review 3: tabs keep their own recovery copies; an open tab\'s copy is not offered elsewhere', async ({ context }) => {
        at /home/user/ManuAlly/tests/tasks/PW-015/editor.e2e.ts:317:36

    Error Context: packages/config/test-results/tasks-PW-015-editor.e2e.ts-58f16-py-of-the-saved-text-behind/error-context.md

    Error Context: packages/config/test-results/tasks-PW-015-editor.e2e.ts-58f16-py-of-the-saved-text-behind/error-context.md


[2/3] tests/tasks/PW-015/editor.e2e.ts:320:1 › review 3: tabs keep their own recovery copies; an open tab's copy is not offered elsewhere
  2) tests/tasks/PW-015/editor.e2e.ts:320:1 › review 3: tabs keep their own recovery copies; an open tab's copy is not offered elsewhere 

    Error: expect(received).toHaveLength(expected)

    Expected length: 1
    Received length: 0
    Received array:  []

    Call Log:
    - Timeout 5000ms exceeded while waiting on the predicate

      336 |   await expect(status(a)).toHaveText('저장됨', { timeout: 10_000 });
      337 |   const copies = () => a.evaluate(() => Object.keys(localStorage).filter((k) => k.includes(':draft:')).map((k) => localStorage.getItem(k) ?? ''));
    > 338 |   await expect.poll(async () => (await copies()).filter((c) => c.includes('bbb text of tab B'))).toHaveLength(1);
          |                                                                                                  ^
      339 |   // B's save now meets A's newer head: a conflict, and B's text is still kept in this browser
      340 |   await b.unroute('**/saves');
      341 |   await b.getByRole('button', { name: '저장', exact: true }).click();
        at /home/user/ManuAlly/tests/tasks/PW-015/editor.e2e.ts:338:98

    Error Context: packages/config/test-results/tasks-PW-015-editor.e2e.ts-fcbd5-py-is-not-offered-elsewhere/error-context.md

    Error Context: packages/config/test-results/tasks-PW-015-editor.e2e.ts-fcbd5-py-is-not-offered-elsewhere/error-context.md


[3/3] tests/tasks/PW-015/editor.e2e.ts:358:1 › review 7: a browser that blocks site storage is told that nothing is kept locally
  3) tests/tasks/PW-015/editor.e2e.ts:358:1 › review 7: a browser that blocks site storage is told that nothing is kept locally 

    Error: expect(locator).toContainText(expected) failed

    Locator: getByTestId('recovery-unavailable')
    Expected substring: "임시 보관할 수 없습니다"
    Timeout: 5000ms
    Error: element(s) not found

    Call log:
      - Expect "toContainText" getByTestId('recovery-unavailable') with timeout 5000ms
      - waiting for getByTestId('recovery-unavailable')


      362 |   await login(page);
      363 |   await newManuscript(page, 'Blocked storage paper');
    > 364 |   await expect(page.getByTestId('recovery-unavailable')).toContainText('임시 보관할 수 없습니다');
          |                                                          ^
      365 |   await editor(page).click();
      366 |   await page.keyboard.type('still autosaved');
      367 |   await expect(status(page)).toHaveText('저장됨', { timeout: 10_000 });
        at /home/user/ManuAlly/tests/tasks/PW-015/editor.e2e.ts:364:58

    Error Context: packages/config/test-results/tasks-PW-015-editor.e2e.ts-d9f4c-hat-nothing-is-kept-locally/error-context.md

    Error Context: packages/config/test-results/tasks-PW-015-editor.e2e.ts-d9f4c-hat-nothing-is-kept-locally/error-context.md


  3 failed
    tests/tasks/PW-015/editor.e2e.ts:309:1 › review 2: a save right after typing leaves no copy of the saved text behind 
    tests/tasks/PW-015/editor.e2e.ts:320:1 › review 3: tabs keep their own recovery copies; an open tab's copy is not offered elsewhere 
    tests/tasks/PW-015/editor.e2e.ts:358:1 › review 7: a browser that blocks site storage is told that nothing is kept locally 
