
Running 3 tests using 1 worker

[1/3] tests/tasks/PW-016/selection.e2e.ts:178:1 › review 2: a citation-only selection can be asked about but not edited; atoms are named in the scope
  1) tests/tasks/PW-016/selection.e2e.ts:178:1 › review 2: a citation-only selection can be asked about but not edited; atoms are named in the scope 

    Error: expect(locator).toBeDisabled() failed

    Locator:  getByTestId('selection-toolbar').getByRole('button', { name: '문법' })
    Expected: disabled
    Received: enabled
    Timeout:  5000ms

    Call log:
      - Expect "toBeDisabled" getByTestId('selection-toolbar').getByRole('button', { name: '문법' }) with timeout 5000ms
      - waiting for getByTestId('selection-toolbar').getByRole('button', { name: '문법' })
        14 × locator resolved to <button type="button">문법</button>
           - unexpected value "enabled"


      187 |   for (const name of ['문법', '간결화']) {
      188 |     const b = toolbar(page).getByRole('button', { name });
    > 189 |     await expect(b).toBeDisabled();
          |                     ^
      190 |     await expect(b).toHaveAttribute('title', /글자가 없는 선택/);
      191 |   }
      192 |   await toolbar(page).getByRole('button', { name: '질문' }).click();
        at /home/user/ManuAlly/tests/tasks/PW-016/selection.e2e.ts:189:21

    Error Context: packages/config/test-results/tasks-PW-016-selection.e2e-4b42c-toms-are-named-in-the-scope/error-context.md

    Error Context: packages/config/test-results/tasks-PW-016-selection.e2e-4b42c-toms-are-named-in-the-scope/error-context.md


[2/3] tests/tasks/PW-016/selection.e2e.ts:199:1 › review 1 / nit: Esc or Enter that belongs to an IME composition keeps the popup and the instruction
  2) tests/tasks/PW-016/selection.e2e.ts:199:1 › review 1 / nit: Esc or Enter that belongs to an IME composition keeps the popup and the instruction 

    Test timeout of 60000ms exceeded.

    Error: locator.evaluate: Test timeout of 60000ms exceeded.
    Call log:
      - waiting for getByTestId('selection-popup').getByRole('textbox')


      208 |   await page.keyboard.type('Why ');
      209 |   for (const key of ['Escape', 'Enter']) {
    > 210 |     await box.evaluate((el, k) => {
          |               ^
      211 |       el.dispatchEvent(new KeyboardEvent('keydown', { key: k, isComposing: true, bubbles: true }));
      212 |       el.dispatchEvent(new KeyboardEvent('keydown', { key: k, keyCode: 229, bubbles: true }));
      213 |     }, key);
        at /home/user/ManuAlly/tests/tasks/PW-016/selection.e2e.ts:210:15

    Error Context: packages/config/test-results/tasks-PW-016-selection.e2e-41bd6-e-popup-and-the-instruction/error-context.md

    Error Context: packages/config/test-results/tasks-PW-016-selection.e2e-41bd6-e-popup-and-the-instruction/error-context.md


[3/3] tests/tasks/PW-016/selection.e2e.ts:220:1 › review 3 / nits: the shortcut explains disabled actions, stale messages clear, Esc leaves the toolbar
  3) tests/tasks/PW-016/selection.e2e.ts:220:1 › review 3 / nits: the shortcut explains disabled actions, stale messages clear, Esc leaves the toolbar 

    Error: expect(locator).toHaveCount(expected) failed

    Locator:  getByTestId('selection-message')
    Expected: 0
    Received: 1
    Timeout:  5000ms

    Call log:
      - Expect "toHaveCount" getByTestId('selection-message') with timeout 5000ms
      - waiting for getByTestId('selection-message')
        14 × locator resolved to 1 element
           - unexpected value "1"


      226 |   await page.keyboard.type('unsaved words');
      227 |   await page.keyboard.press('Shift+Home'); // a valid selection: the old message goes away
    > 228 |   await expect(page.getByTestId('selection-message')).toHaveCount(0);
          |                                                       ^
      229 |   await page.keyboard.press('Control+Shift+K'); // not saved yet: every action is disabled
      230 |   await expect(page.getByTestId('selection-message')).toHaveText('저장된 뒤 요청할 수 있습니다');
      231 |   await expect(editor(page)).toBeFocused();
        at /home/user/ManuAlly/tests/tasks/PW-016/selection.e2e.ts:228:55

    Error Context: packages/config/test-results/tasks-PW-016-selection.e2e-634b9-lear-Esc-leaves-the-toolbar/error-context.md

    Error Context: packages/config/test-results/tasks-PW-016-selection.e2e-634b9-lear-Esc-leaves-the-toolbar/error-context.md


  3 failed
    tests/tasks/PW-016/selection.e2e.ts:178:1 › review 2: a citation-only selection can be asked about but not edited; atoms are named in the scope 
    tests/tasks/PW-016/selection.e2e.ts:199:1 › review 1 / nit: Esc or Enter that belongs to an IME composition keeps the popup and the instruction 
    tests/tasks/PW-016/selection.e2e.ts:220:1 › review 3 / nits: the shortcut explains disabled actions, stale messages clear, Esc leaves the toolbar 
