
 RUN  v5.0.1 /home/user/ManuAlly

 ❯ tests/tasks/PW-042/writer.int.test.ts (12 tests | 3 failed) 5000ms
   ❯ review fixes (43b8f5d) (3)
     × MINOR 1: a citation locator is a short page or figure label, never free text 132ms
     × MINOR 2: a reference the library knows as retracted cannot be cited; a citation outside the node's sources is flagged 144ms
     × MINOR 3: an edit elsewhere in the manuscript does not make a proposal stale; an edit of its place does 127ms

⎯⎯⎯⎯⎯⎯⎯ Failed Tests 3 ⎯⎯⎯⎯⎯⎯⎯

 FAIL  tests/tasks/PW-042/writer.int.test.ts > review fixes (43b8f5d) > MINOR 1: a citation locator is a short page or figure label, never free text
AssertionError: Smith et al. 2020 reported a 50-fold rise: expected 'SUCCEEDED' to be 'FAILED' // Object.is equality

Expected: "FAILED"
Received: "SUCCEEDED"

 ❯ tests/tasks/PW-042/writer.int.test.ts:319:33
    317|     for (const bad of ['Smith et al. 2020 reported a 50-fold rise', 's…
    318|       const r = await run(w, spy(withLocator(bad)));
    319|       expect(r.job.status, bad).toBe('FAILED');
       |                                 ^
    320|       expect(r.proposal).toBeNull();
    321|     }

⎯⎯⎯⎯⎯⎯⎯⎯⎯⎯⎯⎯⎯⎯⎯⎯⎯⎯⎯⎯⎯⎯⎯⎯[1/3]⎯

 FAIL  tests/tasks/PW-042/writer.int.test.ts > review fixes (43b8f5d) > MINOR 2: a reference the library knows as retracted cannot be cited; a citation outside the node's sources is flagged
AssertionError: expected [ { …(3) } ] to deeply equal [ { …(4) } ]

- Expected
+ Received

  [
    {
      "label": "Kim 2019: Earlier root study",
      "linked_to_node": false,
      "reference_id": "2db48b28-d3e1-41a8-903f-a04ab5fbb517",
-     "retracted": false,
    },
  ]

 ❯ tests/tasks/PW-042/writer.int.test.ts:329:43
    327|     const g = spy((c) => good(c));
    328|     const first = await run(w, g);
    329|     expect(g.seen[0]!.citable_references).toEqual([{ reference_id: w.r…
       |                                           ^
    330|     expect(g.seen[0]!.citable_references_truncated).toBe(false);
    331|     expect(first.proposal!.warnings).toContain('citation_not_linked_to…

⎯⎯⎯⎯⎯⎯⎯⎯⎯⎯⎯⎯⎯⎯⎯⎯⎯⎯⎯⎯⎯⎯⎯⎯[2/3]⎯

 FAIL  tests/tasks/PW-042/writer.int.test.ts > review fixes (43b8f5d) > MINOR 3: an edit elsewhere in the manuscript does not make a proposal stale; an edit of its place does
AssertionError: expected 'STALE' to be 'PENDING' // Object.is equality

Expected: "PENDING"
Received: "STALE"

 ❯ tests/tasks/PW-042/writer.int.test.ts:351:22
    349|     await processDelivery(pool, { job_id: r.json().job.id, paper_id: w…
    350|     const p = (await call('alice', 'GET', `/api/papers/${w.paperId}/wr…
    351|     expect(p.status).toBe('PENDING');
       |                      ^
    352|     await save(w, doc(ORIGINAL, 'Leaves next, edited twice.'));
    353|     const applied = await apply(w, p);

⎯⎯⎯⎯⎯⎯⎯⎯⎯⎯⎯⎯⎯⎯⎯⎯⎯⎯⎯⎯⎯⎯⎯⎯[3/3]⎯


 Test Files  1 failed (1)
      Tests  3 failed | 9 passed (12)
   Start at  22:09:25
   Duration  7.03s (tests 73%, transform 22%, import 5%)

exit 1
