
 RUN  v5.0.1 /home/user/ManuAlly

 ❯ tests/tasks/PW-014/save-route.int.test.ts (1 test | 1 failed) 551ms
   ❯ manuscript saves are validated with editor-core (1)
     × valid and empty documents save; HTML, duplicate block ids and unknown nodes are refused with the reasons 26ms

⎯⎯⎯⎯⎯⎯⎯ Failed Tests 1 ⎯⎯⎯⎯⎯⎯⎯

 FAIL  tests/tasks/PW-014/save-route.int.test.ts > manuscript saves are validated with editor-core > valid and empty documents save; HTML, duplicate block ids and unknown nodes are refused with the reasons
AssertionError: BLOCK_ID_DUPLICATE: expected 201 to be 422 // Object.is equality

- Expected
+ Received

- 422
+ 201

 ❯ tests/tasks/PW-014/save-route.int.test.ts:49:34
     47|     ] as const) {
     48|       const r = await save(content);
     49|       expect(r.statusCode, code).toBe(422);
       |                                  ^
     50|       expect(r.json().errors.map((e: { code: string }) => e.code)).toC…
     51|     }

⎯⎯⎯⎯⎯⎯⎯⎯⎯⎯⎯⎯⎯⎯⎯⎯⎯⎯⎯⎯⎯⎯⎯⎯[1/1]⎯


 Test Files  1 failed (1)
      Tests  1 failed (1)
   Start at  02:23:29
   Duration  1.25s (tests 51%, transform 36%, import 13%, worker 1%)

