
Running 7 tests using 1 worker

  ✘  1 tests/e2e/manual-paper/rereview-fixes.e2e.ts:23:1 › MA1: the browser Back button asks before discarding unsaved text, and staying keeps it (6.3s)
  ✘  2 tests/e2e/manual-paper/rereview-fixes.e2e.ts:40:1 › MA2: a saved story whose list field had a trailing newline or spaces is not "unsaved", and can be approved (6.4s)
  ✘  3 tests/e2e/manual-paper/rereview-fixes.e2e.ts:59:1 › minor 1: workspace sources behind pnpm links and VCS files are not served (78ms)
  ✓  4 tests/e2e/manual-paper/rereview-fixes.e2e.ts:67:1 › minor 2: Enter at the start of a paragraph keeps its id with its text (1.4s)
  ✘  5 tests/e2e/manual-paper/rereview-fixes.e2e.ts:84:1 › minor 4: a manuscript stored with another schema version opens read-only (5.9s)
  ✘  6 tests/e2e/manual-paper/rereview-fixes.e2e.ts:102:1 › minor 5: after another session saved the story first, the newer version can be loaded explicitly (1.0m)
  ✘  7 tests/e2e/manual-paper/rereview-fixes.e2e.ts:124:1 › minor 6: unsent evidence/fact form text counts as unsaved (6.1s)


  1) tests/e2e/manual-paper/rereview-fixes.e2e.ts:23:1 › MA1: the browser Back button asks before discarding unsaved text, and staying keeps it 

    Error: expect(received).toBe(expected) // Object.is equality

    Expected: 1
    Received: 0

    Call Log:
    - Timeout 5000ms exceeded while waiting on the predicate

      32 |   page.once('dialog', async (d) => { dialogs.push(d.message()); await d.dismiss(); });
      33 |   await page.goBack();
    > 34 |   await expect.poll(() => dialogs.length).toBe(1);
         |                                           ^
      35 |   expect(dialogs[0]).toMatch(/저장되지 않은/);
      36 |   await expect(page).toHaveURL(paperUrl);
      37 |   await expect(page.getByTestId('editor')).toContainText('Do not lose me.');
        at /home/user/ManuAlly/tests/e2e/manual-paper/rereview-fixes.e2e.ts:34:43

    Error Context: packages/config/test-results/manual-paper-rereview-fixe-9b4fd-d-text-and-staying-keeps-it/error-context.md

    Error Context: packages/config/test-results/manual-paper-rereview-fixe-9b4fd-d-text-and-staying-keeps-it/error-context.md

  2) tests/e2e/manual-paper/rereview-fixes.e2e.ts:40:1 › MA2: a saved story whose list field had a trailing newline or spaces is not "unsaved", and can be approved 

    Error: expect(locator).toBeEnabled() failed

    Locator:  getByRole('button', { name: '이 스토리 버전 승인' })
    Expected: enabled
    Received: disabled
    Timeout:  5000ms

    Call log:
      - Expect "toBeEnabled" getByRole('button', { name: '이 스토리 버전 승인' }) with timeout 5000ms
      - waiting for getByRole('button', { name: '이 스토리 버전 승인' })
        14 × locator resolved to <button disabled type="button" class="primary">이 스토리 버전 승인</button>
           - unexpected value "disabled"


      47 |   await page.getByRole('button', { name: '스토리 저장' }).click();
      48 |   await expect(page.getByTestId('story-status')).toHaveText('DRAFT');
    > 49 |   await expect(page.getByRole('button', { name: '이 스토리 버전 승인' })).toBeEnabled();
         |                                                                   ^
      50 |   await page.getByRole('button', { name: '이 스토리 버전 승인' }).click();
      51 |   await expect(page.getByTestId('story-status')).toHaveText('APPROVED');
      52 |   const dialogs: string[] = [];
        at /home/user/ManuAlly/tests/e2e/manual-paper/rereview-fixes.e2e.ts:49:67

    Error Context: packages/config/test-results/manual-paper-rereview-fixe-93e4f-unsaved-and-can-be-approved/error-context.md

    Error Context: packages/config/test-results/manual-paper-rereview-fixe-93e4f-unsaved-and-can-be-approved/error-context.md

  3) tests/e2e/manual-paper/rereview-fixes.e2e.ts:59:1 › minor 1: workspace sources behind pnpm links and VCS files are not served 

    Error: node_modules/.pnpm/node_modules/@pw/api/src/server.ts

    expect(received).toBe(expected) // Object.is equality

    Expected: 403
    Received: 200

      60 |   const repo = process.cwd();
      61 |   for (const f of ['node_modules/.pnpm/node_modules/@pw/api/src/server.ts', 'node_modules/.pnpm/node_modules/@pw/domain/src/shared/db.ts', 'node_modules/.pnpm/node_modules/@pw/web/vite.config.ts', '.git/config', '.npmrc']) {
    > 62 |     expect((await request.get(`${h.webUrl}/@fs${repo}/${f}`)).status(), f).toBe(403);
         |                                                                            ^
      63 |     expect((await request.get(`${h.webUrl}/@fs${repo}/${f}?raw`)).status(), `${f}?raw`).toBe(403);
      64 |   }
      65 | });
        at /home/user/ManuAlly/tests/e2e/manual-paper/rereview-fixes.e2e.ts:62:76

    Error Context: packages/config/test-results/manual-paper-rereview-fixe-07315-nd-VCS-files-are-not-served/error-context.md

    Error Context: packages/config/test-results/manual-paper-rereview-fixe-07315-nd-VCS-files-are-not-served/error-context.md

  4) tests/e2e/manual-paper/rereview-fixes.e2e.ts:84:1 › minor 4: a manuscript stored with another schema version opens read-only 

    Error: expect(locator).toContainText(expected) failed

    Locator: getByRole('alert')
    Expected substring: "읽기 전용"
    Timeout: 5000ms
    Error: element(s) not found

    Call log:
      - Expect "toContainText" getByRole('alert') with timeout 5000ms
      - waiting for getByRole('alert')


       95 |   await h.pool.query('UPDATE documents SET head_revision_id = $2 WHERE id = $1', [docId, ins.rows[0].id]);
       96 |   await page.getByRole('tab', { name: '원고' }).click();
    >  97 |   await expect(page.getByRole('alert')).toContainText('읽기 전용');
          |                                         ^
       98 |   await expect(page.getByTestId('editor')).toContainText('Version two text.');
       99 |   await expect(page.getByRole('button', { name: '저장' })).toHaveCount(0);
      100 | });
        at /home/user/ManuAlly/tests/e2e/manual-paper/rereview-fixes.e2e.ts:97:41

    Error Context: packages/config/test-results/manual-paper-rereview-fixe-261d9-ema-version-opens-read-only/error-context.md

    Error Context: packages/config/test-results/manual-paper-rereview-fixe-261d9-ema-version-opens-read-only/error-context.md

  5) tests/e2e/manual-paper/rereview-fixes.e2e.ts:102:1 › minor 5: after another session saved the story first, the newer version can be loaded explicitly 

    Test timeout of 60000ms exceeded.

    Error: locator.click: Test timeout of 60000ms exceeded.
    Call log:
      - waiting for getByRole('button', { name: '최신 스토리 불러오기' })


      118 |   await expect(page.getByRole('alert')).toBeVisible();
      119 |   page.once('dialog', (d) => d.accept());
    > 120 |   await page.getByRole('button', { name: '최신 스토리 불러오기' }).click();
          |                                                           ^
      121 |   await expect(page.getByLabel('핵심 메시지')).toHaveValue('v2 from elsewhere');
      122 | });
      123 |
        at /home/user/ManuAlly/tests/e2e/manual-paper/rereview-fixes.e2e.ts:120:59

    Error Context: packages/config/test-results/manual-paper-rereview-fixe-41b88-on-can-be-loaded-explicitly/error-context.md

    Error Context: packages/config/test-results/manual-paper-rereview-fixe-41b88-on-can-be-loaded-explicitly/error-context.md

  6) tests/e2e/manual-paper/rereview-fixes.e2e.ts:124:1 › minor 6: unsent evidence/fact form text counts as unsaved 

    Error: expect(received).toBe(expected) // Object.is equality

    Expected: 1
    Received: 0

    Call Log:
    - Timeout 5000ms exceeded while waiting on the predicate

      130 |   page.once('dialog', async (d) => { dialogs.push(d.message()); await d.dismiss(); });
      131 |   await page.getByRole('link', { name: 'Paper Workspace' }).click();
    > 132 |   await expect.poll(() => dialogs.length).toBe(1);
          |                                           ^
      133 |   expect(dialogs[0]).toMatch(/근거/);
      134 | });
      135 |
        at /home/user/ManuAlly/tests/e2e/manual-paper/rereview-fixes.e2e.ts:132:43

    Error Context: packages/config/test-results/manual-paper-rereview-fixe-69705-form-text-counts-as-unsaved/error-context.md

    Error Context: packages/config/test-results/manual-paper-rereview-fixe-69705-form-text-counts-as-unsaved/error-context.md

  6 failed
    tests/e2e/manual-paper/rereview-fixes.e2e.ts:23:1 › MA1: the browser Back button asks before discarding unsaved text, and staying keeps it 
    tests/e2e/manual-paper/rereview-fixes.e2e.ts:40:1 › MA2: a saved story whose list field had a trailing newline or spaces is not "unsaved", and can be approved 
    tests/e2e/manual-paper/rereview-fixes.e2e.ts:59:1 › minor 1: workspace sources behind pnpm links and VCS files are not served 
    tests/e2e/manual-paper/rereview-fixes.e2e.ts:84:1 › minor 4: a manuscript stored with another schema version opens read-only 
    tests/e2e/manual-paper/rereview-fixes.e2e.ts:102:1 › minor 5: after another session saved the story first, the newer version can be loaded explicitly 
    tests/e2e/manual-paper/rereview-fixes.e2e.ts:124:1 › minor 6: unsent evidence/fact form text counts as unsaved 
  1 passed (1.6m)
