KILLED tracked resolved silently
KILLED reject keeps insertions
KILLED citation not reported
KILLED comments not reported
KILLED round trip claimed
KILLED style names ignored
KILLED italic off ignored
KILLED no bomb cap
EQUIVALENT no size check on read (the declared-size check after inflating rejects it as CORRUPT anyway; the cap only bounds memory while it does)
KILLED encrypted accepted
KILLED legacy doc not named
KILLED file size unchecked
KILLED original not as received
KILLED download as inline
# re-run after adding the nested-field and entity-free DOCTYPE tests
KILLED field instr as text
KILLED doctype accepted
KILLED list not reported
# review fixes (M1 silent drops, M2 limits, m1 tracked marks/rows/notes, m2 citations, m4, NITs)
KILLED sym dropped
KILLED alternate content dropped (run)
KILLED both branches read
KILLED unknown text dropped
KILLED quote-blind tag end
KILLED paragraph mark not counted
KILLED paragraph mark not merged
KILLED deleted row kept
KILLED notes not counted
KILLED notes flattened
KILLED sdt citation not reported
KILLED hidden text shown
KILLED ptab dropped
KILLED boxes numbered as notes
KILLED object as image
# re-run: one test per limit
KILLED no part cap
KILLED no element cap
KILLED no depth cap
KILLED no block cap
# re-review fixes (R1 notes in notes, m1' text boxes, m2' merged style, n1–n3)
KILLED R1 notes followed in notes
KILLED m1' box read flat
KILLED n2 nested boxes twice
KILLED n1 any Choice preferred
KILLED n3 bare text dropped
KILLED m2' first paragraph's style (two-site mutant: the merged paragraph takes the first paragraph's level)
# third review fix (R1' repeated note references)
KILLED R1' notes re-read per reference
# fourth review fixes (R2 open comments/fields, m1 unknown wrappers, m2 fields without result)
KILLED R2 no field depth cap
KILLED m1 unknown rescanned
KILLED m2 held text dropped
KILLED m2 nested instruction text kept
KILLED R2 every comment anchored
