
 RUN  v5.0.1 /home/user/ManuAlly

 ❯ tests/tasks/PW-055/docx.test.ts (44 tests | 4 failed) 129598ms
   ❯ fourth review R2: open comment ranges and open fields do not multiply the work (3)
     × 10,000 comment ranges left open over 10,000 runs: fast; the comments are still reported 57001ms
     × fields nested beyond any real document are refused (CORRUPT), quickly 55425ms
   ❯ fourth review m1 / m2 (2)
     × m1: 250 nested unknown wrappers around many runs are read in linear time 14938ms
     × m2: text after a field start that never shows a result is kept and reported 5ms

⎯⎯⎯⎯⎯⎯⎯ Failed Tests 4 ⎯⎯⎯⎯⎯⎯⎯

 FAIL  tests/tasks/PW-055/docx.test.ts > fourth review R2: open comment ranges and open fields do not multiply the work > 10,000 comment ranges left open over 10,000 runs: fast; the comments are still reported
AssertionError: expected 56972 to be less than 3000
 ❯ tests/tasks/PW-055/docx.test.ts:362:29
    360|     const t0 = Date.now();
    361|     const out = parseDocx(doc, {});
    362|     expect(Date.now() - t0).toBeLessThan(3000);
       |                             ^
    363|     expect(loss(out.report, 'comment')).toMatchObject({ count: 10_000 …
    364|     for (const e of loss(out.report, 'comment')!.examples) expect(e.le…

⎯⎯⎯⎯⎯⎯⎯⎯⎯⎯⎯⎯⎯⎯⎯⎯⎯⎯⎯⎯⎯⎯⎯⎯[1/4]⎯

 FAIL  tests/tasks/PW-055/docx.test.ts > fourth review R2: open comment ranges and open fields do not multiply the work > fields nested beyond any real document are refused (CORRUPT), quickly
AssertionError: expected function to throw an error, but it didn't
 ❯ tests/tasks/PW-055/docx.test.ts:371:38
    369|     const doc = makeDocx(p(open + r('ten chars.').repeat(10_000)));
    370|     const t0 = Date.now();
    371|     expect(() => parseDocx(doc, {})).toThrow(expect.objectContaining({…
       |                                      ^
    372|     expect(Date.now() - t0).toBeLessThan(3000);
    373|   });

⎯⎯⎯⎯⎯⎯⎯⎯⎯⎯⎯⎯⎯⎯⎯⎯⎯⎯⎯⎯⎯⎯⎯⎯[2/4]⎯

 FAIL  tests/tasks/PW-055/docx.test.ts > fourth review m1 / m2 > m1: 250 nested unknown wrappers around many runs are read in linear time
AssertionError: expected 14917 to be less than 3000
 ❯ tests/tasks/PW-055/docx.test.ts:387:29
    385|     const t0 = Date.now();
    386|     const out = parseDocx(doc, {});
    387|     expect(Date.now() - t0).toBeLessThan(3000);
       |                             ^
    388|     expect(text((out.doc.content as Block[])[0]!)).toHaveLength(500_00…
    389|     expect(loss(out.report, 'other')!.count).toBe(1);

⎯⎯⎯⎯⎯⎯⎯⎯⎯⎯⎯⎯⎯⎯⎯⎯⎯⎯⎯⎯⎯⎯⎯⎯[3/4]⎯

 FAIL  tests/tasks/PW-055/docx.test.ts > fourth review m1 / m2 > m2: text after a field start that never shows a result is kept and reported
AssertionError: expected 'Before' to be 'Before important result 2.4-fold' // Object.is equality

Expected: "Before important result 2.4-fold"
Received: "Before"

 ❯ tests/tasks/PW-055/docx.test.ts:393:52
    391|   test('m2: text after a field start that never shows a result is kept…
    392|     const out = parseDocx(makeDocx(p(`${r('Before ')}<w:r><w:fldChar w…
    393|     expect(text((out.doc.content as Block[])[0]!)).toBe('Before import…
       |                                                    ^
    394|     expect(loss(out.report, 'field')).toMatchObject({ count: 1, exampl…
    395|   });

⎯⎯⎯⎯⎯⎯⎯⎯⎯⎯⎯⎯⎯⎯⎯⎯⎯⎯⎯⎯⎯⎯⎯⎯[4/4]⎯


 Test Files  1 failed (1)
      Tests  4 failed | 40 passed (44)
   Start at  07:09:30
   Duration  130.72s (tests 99%, transform 1%)

