# PW-040 mutations (Fri Oct  9 20:43:23 UTC 2026) — integration (9) + browser (1)
KILLED claim_withdrawn
KILLED evidence_withdrawn
KILLED fact_withdrawn
KILLED figure_changed
KILLED figure_key_per_version
KILLED source_removed
KILLED source_retracted
KILLED resolve_intent
KILLED resolve_only_open
KILLED scope_approved_claims_only
KILLED scope_needs_approved_node
KILLED scope_neighbours
KILLED link_node_exists
KILLED gate_impact
KILLED status_impact
KILLED retract_only_settled
KILLED retract_hash
KILLED ui_resolve
# review fixes (Fri Oct  9 20:59:00 UTC 2026)
KILLED claim_unsupported
KILLED deps_via_claims
KILLED figure_archived
KILLED removal_epoch_key
SURVIVED resolve_on_conflict
KILLED scope_settled_claims
KILLED scope_settled_facts
KILLED retrieval_unsupported
# after making the concurrent review deterministic:
KILLED resolve_on_conflict
