
 RUN  v5.0.1 /home/user/ManuAlly

 ❯ tests/tasks/PW-010/review-fixes.int.test.ts (8 tests | 6 failed) 748ms
   ❯ A-M1: an active pointer can never name a revision that is not approved (1)
     × superseding the active story or outline behind the pointer is refused at commit 67ms
   ❯ A-M2: an approved outline cannot gain nodes or approvals (1)
     × a node or an approval added later by direct SQL is refused 49ms
   ❯ A-M3: text PostgreSQL cannot store is a 422, never a 500 or a silent change (1)
     × lone surrogates in story, brief and outline text 13ms
   ❯ A-m1: the database only accepts revisions that start as drafts with consistent approval columns (1)
     × direct inserts as APPROVED/SUPERSEDED and inconsistent transitions are refused 9ms
   ❯ A-m3/A-m5: id case, older revisions, idempotency, other papers (3)
     × an upper-case parent id is the same revision 12ms
   ❯ PW-009 B-m1: a snapshot cannot be opened again by forging created_xid (1)
     × created_xid is always the inserting transaction 4ms

⎯⎯⎯⎯⎯⎯⎯ Failed Tests 6 ⎯⎯⎯⎯⎯⎯⎯

 FAIL  tests/tasks/PW-010/review-fixes.int.test.ts > A-M1: an active pointer can never name a revision that is not approved > superseding the active story or outline behind the pointer is refused at commit
AssertionError: promise resolved "Result{ command: 'UPDATE', …(9) }" instead of rejecting

- Expected
+ Received

- Error {
-   "message": "rejected promise",
+ Result {
+   "RowCtor": null,
+   "_parsers": undefined,
+   "_prebuiltEmptyResultObject": null,
+   "_types": TypeOverrides {
+     "_types": {
+       "arrayParser": {
+         "create": [Function create],
+       },
+       "builtins": {
+         "ABSTIME": 702,
+         "ACLITEM": 1033,
+         "BIT": 1560,
+         "BOOL": 16,
+         "BPCHAR": 1042,
+         "BYTEA": 17,
+         "CHAR": 18,
+         "CID": 29,
+         "CIDR": 650,
+         "CIRCLE": 718,
+         "DATE": 1082,
+         "FLOAT4": 700,
+         "FLOAT8": 701,
+         "GTSVECTOR": 3642,
+         "INET": 869,
+         "INT2": 21,
+         "INT4": 23,
+         "INT8": 20,
+         "INTERVAL": 1186,
+         "JSON": 114,
+         "JSONB": 3802,
+         "MACADDR": 829,
+         "MACADDR8": 774,
+         "MONEY": 790,
+         "NUMERIC": 1700,
+         "OID": 26,
+         "PATH": 602,
+         "PG_DEPENDENCIES": 3402,
+         "PG_LSN": 3220,
+         "PG_NDISTINCT": 3361,
+         "PG_NODE_TREE": 194,
+         "POLYGON": 604,
+         "REFCURSOR": 1790,
+         "REGCLASS": 2205,
+         "REGCONFIG": 3734,
+         "REGDICTIONARY": 3769,
+         "REGNAMESPACE": 4089,
+         "REGOPER": 2203,
+         "REGOPERATOR": 2204,
+         "REGPROC": 24,
+         "REGPROCEDURE": 2202,
+         "REGROLE": 4096,
+         "REGTYPE": 2206,
+         "RELTIME": 703,
+         "SMGR": 210,
+         "TEXT": 25,
+         "TID": 27,
+         "TIME": 1083,
+         "TIMESTAMP": 1114,
+         "TIMESTAMPTZ": 1184,
+         "TIMETZ": 1266,
+         "TINTERVAL": 704,
+         "TSQUERY": 3615,
+         "TSVECTOR": 3614,
+         "TXID_SNAPSHOT": 2970,
+         "UUID": 2950,
+         "VARBIT": 1562,
+         "VARCHAR": 1043,
+         "XID": 28,
+         "XML": 142,
+       },
+       "getTypeParser": [Function getTypeParser],
+       "setTypeParser": [Function setTypeParser],
+     },
+     "binary": {},
+     "text": {},
+   },
+   "command": "UPDATE",
+   "fields": [],
+   "oid": null,
+   "rowAsArray": false,
+   "rowCount": 1,
+   "rows": [],
  }

 ❯ tests/tasks/PW-010/review-fixes.int.test.ts:71:127
     69|   test('superseding the active story or outline behind the pointer is …
     70|     const { p, s1, o1, n1 } = await approvedSetup();
     71|     await expect(pool.query("UPDATE story_revisions SET status = 'SUPE…
       |                                                                                                                               ^
     72|     await expect(pool.query("UPDATE outline_revisions SET status = 'SU…
     73|     expect((await gate(p.id, o1.id, n1.node_id)).statusCode).toBe(202);

⎯⎯⎯⎯⎯⎯⎯⎯⎯⎯⎯⎯⎯⎯⎯⎯⎯⎯⎯⎯⎯⎯⎯⎯[1/6]⎯

 FAIL  tests/tasks/PW-010/review-fixes.int.test.ts > A-M2: an approved outline cannot gain nodes or approvals > a node or an approval added later by direct SQL is refused
AssertionError: promise resolved "Result{ command: 'INSERT', …(9) }" instead of rejecting

- Expected
+ Received

- Error {
-   "message": "rejected promise",
+ Result {
+   "RowCtor": null,
+   "_parsers": undefined,
+   "_prebuiltEmptyResultObject": null,
+   "_types": TypeOverrides {
+     "_types": {
+       "arrayParser": {
+         "create": [Function create],
+       },
+       "builtins": {
+         "ABSTIME": 702,
+         "ACLITEM": 1033,
+         "BIT": 1560,
+         "BOOL": 16,
+         "BPCHAR": 1042,
+         "BYTEA": 17,
+         "CHAR": 18,
+         "CID": 29,
+         "CIDR": 650,
+         "CIRCLE": 718,
+         "DATE": 1082,
+         "FLOAT4": 700,
+         "FLOAT8": 701,
+         "GTSVECTOR": 3642,
+         "INET": 869,
+         "INT2": 21,
+         "INT4": 23,
+         "INT8": 20,
+         "INTERVAL": 1186,
+         "JSON": 114,
+         "JSONB": 3802,
+         "MACADDR": 829,
+         "MACADDR8": 774,
+         "MONEY": 790,
+         "NUMERIC": 1700,
+         "OID": 26,
+         "PATH": 602,
+         "PG_DEPENDENCIES": 3402,
+         "PG_LSN": 3220,
+         "PG_NDISTINCT": 3361,
+         "PG_NODE_TREE": 194,
+         "POLYGON": 604,
+         "REFCURSOR": 1790,
+         "REGCLASS": 2205,
+         "REGCONFIG": 3734,
+         "REGDICTIONARY": 3769,
+         "REGNAMESPACE": 4089,
+         "REGOPER": 2203,
+         "REGOPERATOR": 2204,
+         "REGPROC": 24,
+         "REGPROCEDURE": 2202,
+         "REGROLE": 4096,
+         "REGTYPE": 2206,
+         "RELTIME": 703,
+         "SMGR": 210,
+         "TEXT": 25,
+         "TID": 27,
+         "TIME": 1083,
+         "TIMESTAMP": 1114,
+         "TIMESTAMPTZ": 1184,
+         "TIMETZ": 1266,
+         "TINTERVAL": 704,
+         "TSQUERY": 3615,
+         "TSVECTOR": 3614,
+         "TXID_SNAPSHOT": 2970,
+         "UUID": 2950,
+         "VARBIT": 1562,
+         "VARCHAR": 1043,
+         "XID": 28,
+         "XML": 142,
+       },
+       "getTypeParser": [Function getTypeParser],
+       "setTypeParser": [Function setTypeParser],
+     },
+     "binary": {},
+     "text": {},
+   },
+   "command": "INSERT",
+   "fields": [],
+   "oid": 0,
+   "rowAsArray": false,
+   "rowCount": 1,
+   "rows": [],
  }

 ❯ tests/tasks/PW-010/review-fixes.int.test.ts:84:7
     82|       "INSERT INTO outline_nodes (outline_revision_id, paper_id, node_…
     83|       [o1.id, p.id, extra],
     84|     )).rejects.toThrow(/immutable/);
       |       ^
     85|     // an approval row may only carry the hash of the revision it appr…
     86|     const p2 = await paper();

⎯⎯⎯⎯⎯⎯⎯⎯⎯⎯⎯⎯⎯⎯⎯⎯⎯⎯⎯⎯⎯⎯⎯⎯[2/6]⎯

 FAIL  tests/tasks/PW-010/review-fixes.int.test.ts > A-M3: text PostgreSQL cannot store is a 422, never a 500 or a silent change > lone surrogates in story, brief and outline text
AssertionError: {"question":"a\ud800b","main_message":"ABC1 is drought-induced"}: expected 500 to be 422 // Object.is equality

- Expected
+ Received

- 422
+ 500

 ❯ tests/tasks/PW-010/review-fixes.int.test.ts:108:47
    106|     for (const s of [{ ...story(), question: 'a\uD800b' }, { ...story(…
    107|       const r = await call('POST', `/api/papers/${p.id}/story/revision…
    108|       expect(r.statusCode, JSON.stringify(s)).toBe(422);
       |                                               ^
    109|     }
    110|     const s1 = await storyRev(p.id, null);

⎯⎯⎯⎯⎯⎯⎯⎯⎯⎯⎯⎯⎯⎯⎯⎯⎯⎯⎯⎯⎯⎯⎯⎯[3/6]⎯

 FAIL  tests/tasks/PW-010/review-fixes.int.test.ts > A-m1: the database only accepts revisions that start as drafts with consistent approval columns > direct inserts as APPROVED/SUPERSEDED and inconsistent transitions are refused
AssertionError: promise resolved "Result{ command: 'INSERT', …(9) }" instead of rejecting

- Expected
+ Received

- Error {
-   "message": "rejected promise",
+ Result {
+   "RowCtor": null,
+   "_parsers": undefined,
+   "_prebuiltEmptyResultObject": null,
+   "_types": TypeOverrides {
+     "_types": {
+       "arrayParser": {
+         "create": [Function create],
+       },
+       "builtins": {
+         "ABSTIME": 702,
+         "ACLITEM": 1033,
+         "BIT": 1560,
+         "BOOL": 16,
+         "BPCHAR": 1042,
+         "BYTEA": 17,
+         "CHAR": 18,
+         "CID": 29,
+         "CIDR": 650,
+         "CIRCLE": 718,
+         "DATE": 1082,
+         "FLOAT4": 700,
+         "FLOAT8": 701,
+         "GTSVECTOR": 3642,
+         "INET": 869,
+         "INT2": 21,
+         "INT4": 23,
+         "INT8": 20,
+         "INTERVAL": 1186,
+         "JSON": 114,
+         "JSONB": 3802,
+         "MACADDR": 829,
+         "MACADDR8": 774,
+         "MONEY": 790,
+         "NUMERIC": 1700,
+         "OID": 26,
+         "PATH": 602,
+         "PG_DEPENDENCIES": 3402,
+         "PG_LSN": 3220,
+         "PG_NDISTINCT": 3361,
+         "PG_NODE_TREE": 194,
+         "POLYGON": 604,
+         "REFCURSOR": 1790,
+         "REGCLASS": 2205,
+         "REGCONFIG": 3734,
+         "REGDICTIONARY": 3769,
+         "REGNAMESPACE": 4089,
+         "REGOPER": 2203,
+         "REGOPERATOR": 2204,
+         "REGPROC": 24,
+         "REGPROCEDURE": 2202,
+         "REGROLE": 4096,
+         "REGTYPE": 2206,
+         "RELTIME": 703,
+         "SMGR": 210,
+         "TEXT": 25,
+         "TID": 27,
+         "TIME": 1083,
+         "TIMESTAMP": 1114,
+         "TIMESTAMPTZ": 1184,
+         "TIMETZ": 1266,
+         "TINTERVAL": 704,
+         "TSQUERY": 3615,
+         "TSVECTOR": 3614,
+         "TXID_SNAPSHOT": 2970,
+         "UUID": 2950,
+         "VARBIT": 1562,
+         "VARCHAR": 1043,
+         "XID": 28,
+         "XML": 142,
+       },
+       "getTypeParser": [Function getTypeParser],
+       "setTypeParser": [Function setTypeParser],
+     },
+     "binary": {},
+     "text": {},
+   },
+   "command": "INSERT",
+   "fields": [],
+   "oid": 0,
+   "rowAsArray": false,
+   "rowCount": 1,
+   "rows": [],
  }

 ❯ tests/tasks/PW-010/review-fixes.int.test.ts:125:17


⎯⎯⎯⎯⎯⎯⎯⎯⎯⎯⎯⎯⎯⎯⎯⎯⎯⎯⎯⎯⎯⎯⎯⎯[4/6]⎯

 FAIL  tests/tasks/PW-010/review-fixes.int.test.ts > A-m3/A-m5: id case, older revisions, idempotency, other papers > an upper-case parent id is the same revision
AssertionError: {"error":"conflict","message":"the story changed since you loaded it (stale parent revision); reload before saving","field":null}: expected 409 to be 201 // Object.is equality

- Expected
+ Received

- 201
+ 409

 ❯ tests/tasks/PW-010/review-fixes.int.test.ts:137:34
    135|     const s1 = await storyRev(p.id, null);
    136|     const r = await call('POST', `/api/papers/${p.id}/story/revisions`…
    137|     expect(r.statusCode, r.body).toBe(201);
       |                                  ^
    138|   });
    139|

⎯⎯⎯⎯⎯⎯⎯⎯⎯⎯⎯⎯⎯⎯⎯⎯⎯⎯⎯⎯⎯⎯⎯⎯[5/6]⎯

 FAIL  tests/tasks/PW-010/review-fixes.int.test.ts > PW-009 B-m1: a snapshot cannot be opened again by forging created_xid > created_xid is always the inserting transaction
error: operator does not exist: xid8 + integer
 ❯ node_modules/.pnpm/pg-pool@3.14.0_pg@8.23.0/node_modules/pg-pool/index.js:45:11
 ❯ tests/tasks/PW-010/review-fixes.int.test.ts:169:22


⎯⎯⎯⎯⎯⎯⎯⎯⎯⎯⎯⎯⎯⎯⎯⎯⎯⎯⎯⎯⎯⎯⎯⎯[6/6]⎯


 Test Files  1 failed (1)
      Tests  6 failed | 2 passed (8)
   Start at  10:02:53
   Duration  1.51s (tests 57%, transform 30%, import 12%, worker 1%)

