
 RUN  v5.0.1 /home/user/ManuAlly

 ❯ tests/tasks/PW-013/review-fixes.int.test.ts (16 tests | 5 failed | 11 skipped) 341ms
   ❯ re-review minors (5)
     × m1: a database error inside a caller transaction surfaces as itself, and the caller transaction stays usable 18ms
     × m2: enqueue on a client outside a transaction is still attributed to the owner 2ms
     × m3: a job whose runs keep dying is not taken over again after MAX_ATTEMPTS 29ms
     × m4: direct SQL cannot claim from WAITING or move attempts/tokens outside a claim 12ms
     × m7: sparse payload arrays and unknown next states are refused 6ms

⎯⎯⎯⎯⎯⎯⎯ Failed Tests 5 ⎯⎯⎯⎯⎯⎯⎯

 FAIL  tests/tasks/PW-013/review-fixes.int.test.ts > re-review minors > m1: a database error inside a caller transaction surfaces as itself, and the caller transaction stays usable
AssertionError: expected error: current transaction is aborted, co… { …(15) } to match object { code: '25006' }
(17 matching properties omitted from actual)

- Expected
+ Received

- {
-   "code": "25006",
+ DatabaseError {
+   "code": "25P02",
  }

 ❯ tests/tasks/PW-013/review-fixes.int.test.ts:212:123
    210|     try {
    211|       await c.query('BEGIN READ ONLY');
    212|       await expect(enqueueJob(c, { paperId: p.id, ownerId, intent: 'ex…
       |                                                                                                                           ^
    213|       expect((await c.query('SELECT 1 AS ok')).rows[0].ok).toBe(1);
    214|       await c.query('ROLLBACK');

⎯⎯⎯⎯⎯⎯⎯⎯⎯⎯⎯⎯⎯⎯⎯⎯⎯⎯⎯⎯⎯⎯⎯⎯[1/5]⎯

 FAIL  tests/tasks/PW-013/review-fixes.int.test.ts > re-review minors > m2: enqueue on a client outside a transaction is still attributed to the owner
error: current transaction is aborted, commands ignored until end of transaction block
 ❯ node_modules/.pnpm/pg-pool@3.14.0_pg@8.23.0/node_modules/pg-pool/index.js:45:11
 ❯ createPaper packages/domain/src/papers/index.ts:72:20
     70|   const v = validate(input, { partial: false });
     71|   const cols = Object.keys(v);
     72|   const { rows } = await db.query<Paper>(
       |                    ^
     73|     `INSERT INTO paper_projects (owner_id, ${cols.join(', ')}) VALUES …
     74|     [ownerId, ...cols.map((c) => v[c])],
 ❯ tests/tasks/PW-013/review-fixes.int.test.ts:221:15

⎯⎯⎯⎯⎯⎯⎯⎯⎯⎯⎯⎯⎯⎯⎯⎯⎯⎯⎯⎯⎯⎯⎯⎯[2/5]⎯

 FAIL  tests/tasks/PW-013/review-fixes.int.test.ts > re-review minors > m3: a job whose runs keep dying is not taken over again after MAX_ATTEMPTS
AssertionError: expected { job: { …(12) }, fencingToken: 4 } to be null

- Expected:
null

+ Received:
{
  "fencingToken": 4,
  "job": {
    "attempts": 4,
    "created_at": 2026-10-09T02:17:23.021Z,
    "finished_at": null,
    "id": "b29ecfc2-413f-4583-9b5d-ae1532d97ccd",
    "idempotency_key": "23a31b8f-9208-4b92-967d-4e51626307fc",
    "intent": "draft_paragraph",
    "last_error": null,
    "paper_id": "d53729f1-5332-48d1-8fd6-b6c29dbe47f7",
    "payload": {
      "n": "2bf2f4a5-ae9b-4c3d-b6d2-d6d3073fa19f",
    },
    "result": null,
    "status": "RUNNING",
    "updated_at": 2026-10-09T02:17:23.038Z,
  },
}

 ❯ tests/tasks/PW-013/review-fixes.int.test.ts:239:92
    237|       await expireLease(job.id);
    238|     }
    239|     expect(await claimJob(pool, { jobId: job.id, workerId: 'one-more',…
       |                                                                                            ^
    240|     await recoverJobs(pool, { redispatchAfterMs: 0 });
    241|     expect((await getJob(pool, p.id, job.id))!.status).toBe('FAILED');

⎯⎯⎯⎯⎯⎯⎯⎯⎯⎯⎯⎯⎯⎯⎯⎯⎯⎯⎯⎯⎯⎯⎯⎯[3/5]⎯

 FAIL  tests/tasks/PW-013/review-fixes.int.test.ts > re-review minors > m4: direct SQL cannot claim from WAITING or move attempts/tokens outside a claim
AssertionError: promise resolved "Result{ command: 'UPDATE', …(9) }" instead of rejecting

- Expected
+ Received

- Error {
-   "message": "rejected promise",
+ Result {
+   "RowCtor": null,
+   "_parsers": undefined,
+   "_prebuiltEmptyResultObject": null,
+   "_types": TypeOverrides {
+     "_types": {
+       "arrayParser": {
+         "create": [Function create],
+       },
+       "builtins": {
+         "ABSTIME": 702,
+         "ACLITEM": 1033,
+         "BIT": 1560,
+         "BOOL": 16,
+         "BPCHAR": 1042,
+         "BYTEA": 17,
+         "CHAR": 18,
+         "CID": 29,
+         "CIDR": 650,
+         "CIRCLE": 718,
+         "DATE": 1082,
+         "FLOAT4": 700,
+         "FLOAT8": 701,
+         "GTSVECTOR": 3642,
+         "INET": 869,
+         "INT2": 21,
+         "INT4": 23,
+         "INT8": 20,
+         "INTERVAL": 1186,
+         "JSON": 114,
+         "JSONB": 3802,
+         "MACADDR": 829,
+         "MACADDR8": 774,
+         "MONEY": 790,
+         "NUMERIC": 1700,
+         "OID": 26,
+         "PATH": 602,
+         "PG_DEPENDENCIES": 3402,
+         "PG_LSN": 3220,
+         "PG_NDISTINCT": 3361,
+         "PG_NODE_TREE": 194,
+         "POLYGON": 604,
+         "REFCURSOR": 1790,
+         "REGCLASS": 2205,
+         "REGCONFIG": 3734,
+         "REGDICTIONARY": 3769,
+         "REGNAMESPACE": 4089,
+         "REGOPER": 2203,
+         "REGOPERATOR": 2204,
+         "REGPROC": 24,
+         "REGPROCEDURE": 2202,
+         "REGROLE": 4096,
+         "REGTYPE": 2206,
+         "RELTIME": 703,
+         "SMGR": 210,
+         "TEXT": 25,
+         "TID": 27,
+         "TIME": 1083,
+         "TIMESTAMP": 1114,
+         "TIMESTAMPTZ": 1184,
+         "TIMETZ": 1266,
+         "TINTERVAL": 704,
+         "TSQUERY": 3615,
+         "TSVECTOR": 3614,
+         "TXID_SNAPSHOT": 2970,
+         "UUID": 2950,
+         "VARBIT": 1562,
+         "VARCHAR": 1043,
+         "XID": 28,
+         "XML": 142,
+       },
+       "getTypeParser": [Function getTypeParser],
+       "setTypeParser": [Function setTypeParser],
+     },
+     "binary": {},
+     "text": {},
+   },
+   "command": "UPDATE",
+   "fields": [],
+   "oid": null,
+   "rowAsArray": false,
+   "rowCount": 1,
+   "rows": [],
  }

 ❯ tests/tasks/PW-013/review-fixes.int.test.ts:247:129
    245|     const p = await paper();
    246|     const { job } = await enqueue(p.id);
    247|     await expect(pool.query("UPDATE jobs SET status = 'CANCELLED', fin…
       |                                                                                                                                 ^
    248|     const c = await claimJob(pool, { jobId: job.id, workerId: 'w', lea…
    249|     await expect(pool.query("UPDATE jobs SET fencing_token = fencing_t…

⎯⎯⎯⎯⎯⎯⎯⎯⎯⎯⎯⎯⎯⎯⎯⎯⎯⎯⎯⎯⎯⎯⎯⎯[4/5]⎯

 FAIL  tests/tasks/PW-013/review-fixes.int.test.ts > re-review minors > m7: sparse payload arrays and unknown next states are refused
AssertionError: promise resolved "{ job: { …(12) }, created: true }" instead of rejecting

- Expected
+ Received

- Error {
-   "message": "rejected promise",
+ {
+   "created": true,
+   "job": {
+     "attempts": 0,
+     "created_at": 2026-10-09T02:17:23.056Z,
+     "finished_at": null,
+     "id": "8e31dd64-c58d-423d-8ca0-3fb9947716b9",
+     "idempotency_key": "339fd9ad-652f-4893-9aa3-8379cbd45bd4",
+     "intent": "draft_paragraph",
+     "last_error": null,
+     "paper_id": "32004a34-838a-478f-a0ca-0ab19cc9e782",
+     "payload": {
+       "a": [
+         null,
+         1,
+       ],
+     },
+     "result": null,
+     "status": "QUEUED",
+     "updated_at": 2026-10-09T02:17:23.056Z,
+   },
  }

 ❯ tests/tasks/PW-013/review-fixes.int.test.ts:257:46
    255|     const p = await paper();
    256|     // eslint-disable-next-line no-sparse-arrays
    257|     await expect(enqueue(p.id, { a: [, 1] })).rejects.toThrow(/payload…
       |                                              ^
    258|     const { job } = await enqueue(p.id);
    259|     const c = await claimJob(pool, { jobId: job.id, workerId: 'w', lea…

⎯⎯⎯⎯⎯⎯⎯⎯⎯⎯⎯⎯⎯⎯⎯⎯⎯⎯⎯⎯⎯⎯⎯⎯[5/5]⎯


 Test Files  1 failed (1)
      Tests  5 failed | 11 skipped (16)
   Start at  02:17:22
   Duration  932ms (tests 45%, transform 40%, import 14%, worker 1%)

