KILLED  system folders writable :: ⎯⎯⎯⎯⎯⎯⎯ Failed Tests 2 ⎯⎯⎯⎯⎯⎯⎯
      Tests  2 failed | 8 passed (10)
KILLED  host HOME exposed :: ⎯⎯⎯⎯⎯⎯⎯ Failed Tests 2 ⎯⎯⎯⎯⎯⎯⎯
      Tests  2 failed | 8 passed (10)
KILLED  inputs writable :: ⎯⎯⎯⎯⎯⎯⎯ Failed Tests 1 ⎯⎯⎯⎯⎯⎯⎯
      Tests  1 failed | 9 passed (10)
KILLED  environment not cleared :: ⎯⎯⎯⎯⎯⎯⎯ Failed Tests 6 ⎯⎯⎯⎯⎯⎯⎯
      Tests  6 failed | 4 passed (10)
KILLED  network none ignored :: ⎯⎯⎯⎯⎯⎯⎯ Failed Tests 1 ⎯⎯⎯⎯⎯⎯⎯
      Tests  1 failed | 9 passed (10)
KILLED  file size limit ignored :: ⎯⎯⎯⎯⎯⎯⎯ Failed Tests 1 ⎯⎯⎯⎯⎯⎯⎯
      Tests  1 failed | 9 passed (10)
KILLED  symlinked input accepted :: ⎯⎯⎯⎯⎯⎯⎯ Failed Tests 1 ⎯⎯⎯⎯⎯⎯⎯
      Tests  1 failed | 9 passed (10)
KILLED  hard-linked input accepted :: ⎯⎯⎯⎯⎯⎯⎯ Failed Tests 1 ⎯⎯⎯⎯⎯⎯⎯
      Tests  1 failed | 9 passed (10)
KILLED  no pid namespace (rerun on the sandbox args; the first try hit the availability check) :: ⎯⎯⎯⎯⎯⎯⎯ Failed Tests 6 ⎯⎯⎯⎯⎯⎯⎯
      Tests  6 failed | 4 passed (10)
KILLED  full host /dev exposed (rerun with the /dev probe) :: ⎯⎯⎯⎯⎯⎯⎯ Failed Tests 2 ⎯⎯⎯⎯⎯⎯⎯
      Tests  2 failed | 8 passed (10)
KILLED  no pivot_root (chroot instead) :: ⎯⎯⎯⎯⎯⎯⎯ Failed Tests 3 ⎯⎯⎯⎯⎯⎯⎯
      Tests  3 failed | 8 passed (11)
KILLED  capabilities kept :: ⎯⎯⎯⎯⎯⎯⎯ Failed Tests 1 ⎯⎯⎯⎯⎯⎯⎯
      Tests  1 failed | 10 passed (11)
KILLED  setup script left behind :: ⎯⎯⎯⎯⎯⎯⎯ Failed Tests 1 ⎯⎯⎯⎯⎯⎯⎯
      Tests  1 failed | 10 passed (11)
