
 RUN  v5.0.1 /home/user/ManuAlly

 ❯ tests/tasks/PW-026/runner.test.ts (0 test)

⎯⎯⎯⎯⎯⎯ Failed Suites 1 ⎯⎯⎯⎯⎯⎯⎯

 FAIL  tests/tasks/PW-026/runner.test.ts [ tests/tasks/PW-026/runner.test.ts ]
Error: Cannot find module '../../../infra/sandbox/egress-proxy.ts' imported from /home/user/ManuAlly/tests/tasks/PW-026/runner.test.ts
 ❯ tests/tasks/PW-026/runner.test.ts:15:1
     13| import { prepareRun, removeRun } from '../../../apps/worker/src/runner…
     14| import { bwrapArgs, bwrapVersionOk, probeFailures, runSandboxed, sandb…
     15| import { isPrivateAddress, startEgressProxy } from '../../../infra/san…
       | ^
     16|
     17| const NODE_ROOT = path.dirname(path.dirname(process.execPath));

⎯⎯⎯⎯⎯⎯⎯⎯⎯⎯⎯⎯⎯⎯⎯⎯⎯⎯⎯⎯⎯⎯⎯⎯[1/1]⎯


 Test Files  1 failed (1)
      Tests  no tests
   Start at  12:23:56
   Duration  462ms (worker 96%, environment 4%)


# note: the RED above fails at import (egress-proxy.ts did not exist). The behavioural RED for the
# review MAJOR is the mutation 'host network namespace kept (no --net)' in mutation.log (4 tests fail:
# the host abstract socket and loopback port become reachable), matching the reviewer's reproduction.
# re-review RED (infra/sandbox before the re-review fixes)
     × refuses targets outside the allowlist, plain requests, and allowed names that resolve to private addresses 33ms
     × re-review: bytes sent with the CONNECT reach the target; a socket replaced by the sandbox does not crash close() 5005ms
     × read-only or writable paths exposing a home, developer CLI state or credentials are refused 9ms
⎯⎯⎯⎯⎯⎯⎯ Failed Tests 3 ⎯⎯⎯⎯⎯⎯⎯
AssertionError: fe90::1: expected false to be true // Object.is equality
Error: Test timed out in 5000ms.
AssertionError: /tmp: expected [Function] to throw an error
      Tests  3 failed | 16 passed (19)
