KILLED IDOR: export file without the paper filter
KILLED IDOR: submission without the paper filter
SURVIVED IDOR: reviewer comment lookup without the paper filter
KILLED IDOR by reference: document in body not scoped to the paper
KILLED owner check skipped
KILLED CSRF check removed
# with body variants
KILLED IDOR: reviewer comment lookup without the paper filter (body variants)
# gate, F-01 and static checks (unit)
KILLED gate: skipped counts as pass
KILLED gate: empty suite counts as pass
KILLED gate: missing area not noticed
KILLED gate: open high allowed
KILLED gate: AI may accept risk
KILLED gate: fixed without evidence
KILLED gate: manual pending allowed
KILLED F-01: login profile not checked
SURVIVED egress: IP literal hosts allowed
KILLED egress: IPv4 in IPv6 not unwrapped
KILLED egress: IP literal hosts allowed (IP on the host list)
KILLED static: a fetch planted in an API route
KILLED static: a spawn without its own env
KILLED static: a spawn passing the server env on
KILLED static: a credential file read
# review fixes
KILLED n2: relocated CLI state not checked
KILLED gate: dirty tree allowed
KILLED gate: manual by anyone
INVALID static: env shorthand ignored and spread allowed (mutated the test's own assertion; replaced by planting the violation in source below)
KILLED F-03: sending policy not checked where material leaves
KILLED IDOR (ids only): export list without the paper filter
KILLED static: a spawn copying process.env with Object.assign
KILLED IDOR (ids only): job list without the paper filter
# re-review fixes (M1' outline ids, m1 required manual checks)
KILLED M1' outline checks claims only
KILLED M1' outline checks evidence only
KILLED M1' outline check ignores the paper
INVALID M1' array column audit ignores unclassified (mutated the test's own assertion; replaced below by an unreviewed column)
KILLED M1' an id array column not reviewed (outline_nodes.claim_ids left out of the list)
KILLED m1 required manual check not enforced
