KILLED  open schemas (extra fields such as paper_id accepted) :: ⎯⎯⎯⎯⎯⎯⎯ Failed Tests 1 ⎯⎯⎯⎯⎯⎯⎯       Tests  1 failed | 10 passed (11) ⎯⎯⎯⎯⎯⎯⎯ Failed Tests 1 ⎯⎯⎯⎯⎯⎯⎯       Tests  1 failed | 1 passed (2) 
KILLED  slice ignores the run's handles :: ⎯⎯⎯⎯⎯⎯⎯ Failed Tests 1 ⎯⎯⎯⎯⎯⎯⎯       Tests  1 failed | 10 passed (11)       Tests  2 passed (2) 
SURVIVED proposal ignores the run's handles ::       Tests  11 passed (11)       Tests  2 passed (2) 
KILLED  forbidden list not checked :: ⎯⎯⎯⎯⎯⎯⎯ Failed Tests 2 ⎯⎯⎯⎯⎯⎯⎯       Tests  2 failed | 9 passed (11)       Tests  2 passed (2) 
KILLED  candidate facts offered :: ⎯⎯⎯⎯⎯⎯⎯ Failed Tests 1 ⎯⎯⎯⎯⎯⎯⎯       Tests  1 failed | 10 passed (11)       Tests  2 passed (2) 
KILLED  expired tokens accepted :: ⎯⎯⎯⎯⎯⎯⎯ Failed Tests 1 ⎯⎯⎯⎯⎯⎯⎯       Tests  1 failed | 10 passed (11)       Tests  2 passed (2) 
KILLED  revoked tokens accepted :: ⎯⎯⎯⎯⎯⎯⎯ Failed Tests 1 ⎯⎯⎯⎯⎯⎯⎯       Tests  1 failed | 10 passed (11)       Tests  2 passed (2) 
KILLED  token tool list ignored :: ⎯⎯⎯⎯⎯⎯⎯ Failed Tests 1 ⎯⎯⎯⎯⎯⎯⎯       Tests  1 failed | 10 passed (11)       Tests  2 passed (2) 
KILLED  issuance accepts foreign handles :: ⎯⎯⎯⎯⎯⎯⎯ Failed Tests 1 ⎯⎯⎯⎯⎯⎯⎯       Tests  1 failed | 10 passed (11)       Tests  2 passed (2) 
KILLED  issuance accepts any tool name :: ⎯⎯⎯⎯⎯⎯⎯ Failed Tests 1 ⎯⎯⎯⎯⎯⎯⎯       Tests  1 failed | 10 passed (11)       Tests  2 passed (2) 
KILLED  successful calls not audited :: ⎯⎯⎯⎯⎯⎯⎯ Failed Tests 1 ⎯⎯⎯⎯⎯⎯⎯       Tests  1 failed | 10 passed (11)       Tests  2 passed (2) 
SURVIVED socket request size unlimited ::       Tests  11 passed (11)       Tests  2 passed (2) 
KILLED  later tools callable as unknown :: ⎯⎯⎯⎯⎯⎯⎯ Failed Tests 1 ⎯⎯⎯⎯⎯⎯⎯       Tests  1 failed | 10 passed (11)       Tests  2 passed (2) 
KILLED  plaintext token stored :: ⎯⎯⎯⎯⎯⎯ Failed Tests 10 ⎯⎯⎯⎯⎯⎯⎯       Tests  10 failed | 1 passed (11)       Tests  2 passed (2) 
KILLED  ttl unlimited :: ⎯⎯⎯⎯⎯⎯⎯ Failed Tests 1 ⎯⎯⎯⎯⎯⎯⎯       Tests  1 failed | 10 passed (11)       Tests  2 passed (2) 
KILLED  bridge marks failures as success :: ⎯⎯⎯⎯⎯⎯⎯ Failed Tests 1 ⎯⎯⎯⎯⎯⎯⎯       Tests  1 failed | 10 passed (11)       Tests  2 passed (2) 
KILLED  proposal ignores the run's handles (rerun with a narrow token) :: ⎯⎯⎯⎯⎯⎯⎯ Failed Tests 1 ⎯⎯⎯⎯⎯⎯⎯       Tests  1 failed | 10 passed (11) 
KILLED  socket request size unlimited (rerun with a no-newline flood) :: ⎯⎯⎯⎯⎯⎯⎯ Failed Tests 1 ⎯⎯⎯⎯⎯⎯⎯       Tests  1 failed | 10 passed (11) 
# review fixes
SURVIVED audit outside the write's transaction ::       Tests  13 passed (13) 
KILLED  no call budget :: ⎯⎯⎯⎯⎯⎯⎯ Failed Tests 1 ⎯⎯⎯⎯⎯⎯⎯       Tests  1 failed | 12 passed (13) 
KILLED  unbounded request queue :: ⎯⎯⎯⎯⎯⎯⎯ Failed Tests 1 ⎯⎯⎯⎯⎯⎯⎯       Tests  1 failed | 12 passed (13) 
  (equivalent for a failing audit: the error still aborts the write's transaction. The difference — an audit committed while the write's commit fails — cannot be provoked from a test without fault injection in PostgreSQL)
