# PW-034 mutations (Fri Oct  9 15:59:58 UTC 2026)
KILLED active_list
SURVIVED escaped_names
KILLED objstm_scan
KILLED encrypt
KILLED eof
KILLED magic
SURVIVED inflate_cap
KILLED page_cap
KILLED send_default
KILLED sensitive
KILLED provider
KILLED send_unknown
KILLED paper_block
KILLED https_only
KILLED userinfo
KILLED port
KILLED allowlist
SURVIVED embedded_v4
KILLED hex_v4
KILLED daily_cap
SURVIVED domain_ref_check
KILLED dedupe
KILLED all_addresses
KILLED redirect
KILLED content_type
KILLED readonly
KILLED verify_on_read
KILLED nosniff
KILLED csp
KILLED nostore
KILLED safe_name
KILLED upload_inspect
SURVIVED quota_first
KILLED fetch_inspect
# after closing the survivors (inflate_cap: redundant check removed; zlib's maxOutputLength is the limit):
KILLED escaped_names
KILLED embedded_v4
KILLED domain_ref_check
KILLED quota_first
KILLED inflate_budget
